[    0.000000] Linux version 4.15.0-202-generic (buildd@lcy02-amd64-115) (gcc version 7.5.0 (Ubuntu 7.5.0-3ubuntu1~18.04)) #213-Ubuntu SMP Thu Jan 5 19:19:12 UTC 2023 (Ubuntu 4.15.0-202.213-generic 4.15.18)
[    0.000000] Command line: BOOT_IMAGE=/boot/vmlinuz-4.15.0-202-generic root=LABEL=cloudimg-rootfs ro console=tty1 console=ttyS0
[    0.000000] KERNEL supported cpus:
[    0.000000]   Intel GenuineIntel
[    0.000000]   AMD AuthenticAMD
[    0.000000]   Centaur CentaurHauls
[    0.000000] x86/fpu: Supporting XSAVE feature 0x001: 'x87 floating point registers'
[    0.000000] x86/fpu: Supporting XSAVE feature 0x002: 'SSE registers'
[    0.000000] x86/fpu: Supporting XSAVE feature 0x004: 'AVX registers'
[    0.000000] x86/fpu: xstate_offset[2]:  576, xstate_sizes[2]:  256
[    0.000000] x86/fpu: Enabled xstate features 0x7, context size is 832 bytes, using 'standard' format.
[    0.000000] e820: BIOS-provided physical RAM map:
[    0.000000] BIOS-e820: [mem 0x0000000000000000-0x000000000009fbff] usable
[    0.000000] BIOS-e820: [mem 0x000000000009fc00-0x000000000009ffff] reserved
[    0.000000] BIOS-e820: [mem 0x00000000000f0000-0x00000000000fffff] reserved
[    0.000000] BIOS-e820: [mem 0x0000000000100000-0x000000003ffeffff] usable
[    0.000000] BIOS-e820: [mem 0x000000003fff0000-0x000000003fffffff] ACPI data
[    0.000000] BIOS-e820: [mem 0x00000000fec00000-0x00000000fec00fff] reserved
[    0.000000] BIOS-e820: [mem 0x00000000fee00000-0x00000000fee00fff] reserved
[    0.000000] BIOS-e820: [mem 0x00000000fffc0000-0x00000000ffffffff] reserved
[    0.000000] NX (Execute Disable) protection: active
[    0.000000] SMBIOS 2.5 present.
[    0.000000] DMI: innotek GmbH VirtualBox/VirtualBox, BIOS VirtualBox 12/01/2006
[    0.000000] Hypervisor detected: KVM
[    0.000000] e820: last_pfn = 0x3fff0 max_arch_pfn = 0x400000000
[    0.000000] MTRR: Disabled
[    0.000000] x86/PAT: MTRRs disabled, skipping PAT initialization too.
[    0.000000] CPU MTRRs all blank - virtualized system.
[    0.000000] x86/PAT: Configuration [0-7]: WB  WT  UC- UC  WB  WT  UC- UC  
[    0.000000] found SMP MP-table at [mem 0x0009fff0-0x0009ffff]
[    0.000000] Scanning 1 areas for low memory corruption
[    0.000000] RAMDISK: [mem 0x359cb000-0x36cdcfff]
[    0.000000] ACPI: Early table checksum verification disabled
[    0.000000] ACPI: RSDP 0x00000000000E0000 000024 (v02 VBOX  )
[    0.000000] ACPI: XSDT 0x000000003FFF0030 00003C (v01 VBOX   VBOXXSDT 00000001 ASL  00000061)
[    0.000000] ACPI: FACP 0x000000003FFF00F0 0000F4 (v04 VBOX   VBOXFACP 00000001 ASL  00000061)
[    0.000000] ACPI: DSDT 0x000000003FFF0610 002353 (v02 VBOX   VBOXBIOS 00000002 INTL 20100528)
[    0.000000] ACPI: FACS 0x000000003FFF0200 000040
[    0.000000] ACPI: FACS 0x000000003FFF0200 000040
[    0.000000] ACPI: APIC 0x000000003FFF0240 00005C (v02 VBOX   VBOXAPIC 00000001 ASL  00000061)
[    0.000000] ACPI: SSDT 0x000000003FFF02A0 00036C (v01 VBOX   VBOXCPUT 00000002 INTL 20100528)
[    0.000000] ACPI: Reserving FACP table memory at [mem 0x3fff00f0-0x3fff01e3]
[    0.000000] ACPI: Reserving DSDT table memory at [mem 0x3fff0610-0x3fff2962]
[    0.000000] ACPI: Reserving FACS table memory at [mem 0x3fff0200-0x3fff023f]
[    0.000000] ACPI: Reserving FACS table memory at [mem 0x3fff0200-0x3fff023f]
[    0.000000] ACPI: Reserving APIC table memory at [mem 0x3fff0240-0x3fff029b]
[    0.000000] ACPI: Reserving SSDT table memory at [mem 0x3fff02a0-0x3fff060b]
[    0.000000] No NUMA configuration found
[    0.000000] Faking a node at [mem 0x0000000000000000-0x000000003ffeffff]
[    0.000000] NODE_DATA(0) allocated [mem 0x3ffc5000-0x3ffeffff]
[    0.000000] kvm-clock: cpu 0, msr 0:3ff44001, primary cpu clock
[    0.000000] kvm-clock: Using msrs 4b564d01 and 4b564d00
[    0.000000] kvm-clock: using sched offset of 3211764652 cycles
[    0.000000] clocksource: kvm-clock: mask: 0xffffffffffffffff max_cycles: 0x1cd42e4dffb, max_idle_ns: 881590591483 ns
[    0.000000] Zone ranges:
[    0.000000]   DMA      [mem 0x0000000000001000-0x0000000000ffffff]
[    0.000000]   DMA32    [mem 0x0000000001000000-0x000000003ffeffff]
[    0.000000]   Normal   empty
[    0.000000]   Device   empty
[    0.000000] Movable zone start for each node
[    0.000000] Early memory node ranges
[    0.000000]   node   0: [mem 0x0000000000001000-0x000000000009efff]
[    0.000000]   node   0: [mem 0x0000000000100000-0x000000003ffeffff]
[    0.000000] Reserved but unavailable: 104 pages
[    0.000000] Initmem setup node 0 [mem 0x0000000000001000-0x000000003ffeffff]
[    0.000000] ACPI: PM-Timer IO Port: 0x4008
[    0.000000] IOAPIC[0]: apic_id 2, version 32, address 0xfec00000, GSI 0-23
[    0.000000] ACPI: INT_SRC_OVR (bus 0 bus_irq 0 global_irq 2 dfl dfl)
[    0.000000] ACPI: INT_SRC_OVR (bus 0 bus_irq 9 global_irq 9 low level)
[    0.000000] Using ACPI (MADT) for SMP configuration information
[    0.000000] smpboot: Allowing 2 CPUs, 0 hotplug CPUs
[    0.000000] PM: Registered nosave memory: [mem 0x00000000-0x00000fff]
[    0.000000] PM: Registered nosave memory: [mem 0x0009f000-0x0009ffff]
[    0.000000] PM: Registered nosave memory: [mem 0x000a0000-0x000effff]
[    0.000000] PM: Registered nosave memory: [mem 0x000f0000-0x000fffff]
[    0.000000] e820: [mem 0x40000000-0xfebfffff] available for PCI devices
[    0.000000] Booting paravirtualized kernel on KVM
[    0.000000] clocksource: refined-jiffies: mask: 0xffffffff max_cycles: 0xffffffff, max_idle_ns: 7645519600211568 ns
[    0.000000] setup_percpu: NR_CPUS:8192 nr_cpumask_bits:2 nr_cpu_ids:2 nr_node_ids:1
[    0.000000] percpu: Embedded 50 pages/cpu s167936 r8192 d28672 u1048576
[    0.000000] PV qspinlock hash table entries: 256 (order: 0, 4096 bytes)
[    0.000000] Built 1 zonelists, mobility grouping on.  Total pages: 257913
[    0.000000] Policy zone: DMA32
[    0.000000] Kernel command line: BOOT_IMAGE=/boot/vmlinuz-4.15.0-202-generic root=LABEL=cloudimg-rootfs ro console=tty1 console=ttyS0
[    0.000000] Memory: 982652K/1048120K available (12300K kernel code, 2477K rwdata, 4320K rodata, 2472K init, 2720K bss, 65468K reserved, 0K cma-reserved)
[    0.000000] SLUB: HWalign=64, Order=0-3, MinObjects=0, CPUs=2, Nodes=1
[    0.000000] ftrace: allocating 39478 entries in 155 pages
[    0.004000] Hierarchical RCU implementation.
[    0.004000] 	RCU restricting CPUs from NR_CPUS=8192 to nr_cpu_ids=2.
[    0.004000] 	Tasks RCU enabled.
[    0.004000] RCU: Adjusting geometry for rcu_fanout_leaf=16, nr_cpu_ids=2
[    0.004000] NR_IRQS: 524544, nr_irqs: 440, preallocated irqs: 16
[    0.004000] random: crng init done
[    0.004000] Console: colour VGA+ 80x25
[    0.004000] console [tty1] enabled
[    0.004000] console [ttyS0] enabled
[    0.004000] ACPI: Core revision 20170831
[    0.004000] ACPI: 2 ACPI AML tables successfully acquired and loaded
[    0.004000] APIC: Switch to symmetric I/O mode setup
[    0.004000] x2apic enabled
[    0.004000] Switched APIC routing to physical x2apic.
[    0.004000] ..TIMER: vector=0x30 apic1=0 pin1=2 apic2=-1 pin2=-1
[    0.004000] tsc: Detected 2496.000 MHz processor
[    0.004007] Calibrating delay loop (skipped) preset value.. 4992.00 BogoMIPS (lpj=9984000)
[    0.005032] pid_max: default: 32768 minimum: 301
[    0.005631] Security Framework initialized
[    0.006161] Yama: becoming mindful.
[    0.006633] AppArmor: AppArmor initialized
[    0.007277] Dentry cache hash table entries: 131072 (order: 8, 1048576 bytes)
[    0.008058] Inode-cache hash table entries: 65536 (order: 7, 524288 bytes)
[    0.008981] Mount-cache hash table entries: 2048 (order: 2, 16384 bytes)
[    0.009891] Mountpoint-cache hash table entries: 2048 (order: 2, 16384 bytes)
[    0.010945] Last level iTLB entries: 4KB 64, 2MB 8, 4MB 8
[    0.012002] Last level dTLB entries: 4KB 64, 2MB 0, 4MB 0, 1GB 4
[    0.012782] Spectre V1 : Mitigation: usercopy/swapgs barriers and __user pointer sanitization
[    0.013844] Spectre V2 : Mitigation: Retpolines
[    0.014417] Spectre V2 : Spectre v2 / SpectreRSB mitigation: Filling RSB on context switch
[    0.015435] Speculative Store Bypass: Vulnerable
[    0.016041] MMIO Stale Data: Vulnerable: Clear CPU buffers attempted, no microcode
[    0.017073] SRBDS: Unknown: Dependent on hypervisor status
[    0.017920] Freeing SMP alternatives memory: 36K
[    0.128733] smpboot: CPU0: Intel(R) Core(TM) i5-10300H CPU @ 2.50GHz (family: 0x6, model: 0xa5, stepping: 0x2)
[    0.130629] Performance Events: unsupported p6 CPU model 165 no PMU driver, software events only.
[    0.131789] Hierarchical SRCU implementation.
[    0.132377] NMI watchdog: Perf event create on CPU 0 failed with -2
[    0.133218] NMI watchdog: Perf NMI watchdog permanently disabled
[    0.133982] smp: Bringing up secondary CPUs ...
[    0.134666] x86: Booting SMP configuration:
[    0.135259] .... node  #0, CPUs:      #1
[    0.004000] kvm-clock: cpu 1, msr 0:3ff44041, secondary cpu clock
[    0.138472] smp: Brought up 1 node, 2 CPUs
[    0.138472] smpboot: Max logical packages: 1
[    0.138472] smpboot: Total of 2 processors activated (9984.00 BogoMIPS)
[    0.140084] devtmpfs: initialized
[    0.140480] x86/mm: Memory block size: 128MB
[    0.141209] evm: security.selinux
[    0.141653] evm: security.SMACK64
[    0.142254] evm: security.SMACK64EXEC
[    0.142733] evm: security.SMACK64TRANSMUTE
[    0.143301] evm: security.SMACK64MMAP
[    0.144002] evm: security.apparmor
[    0.144456] evm: security.ima
[    0.144856] evm: security.capability
[    0.145425] clocksource: jiffies: mask: 0xffffffff max_cycles: 0xffffffff, max_idle_ns: 7645041785100000 ns
[    0.145425] futex hash table entries: 512 (order: 3, 32768 bytes)
[    0.146023] pinctrl core: initialized pinctrl subsystem
[    0.148067] RTC time:  5:47:42, date: 01/23/23
[    0.148744] NET: Registered protocol family 16
[    0.149403] audit: initializing netlink subsys (disabled)
[    0.150193] audit: type=2000 audit(1674452866.757:1): state=initialized audit_enabled=0 res=1
[    0.152010] cpuidle: using governor ladder
[    0.152541] cpuidle: using governor menu
[    0.153072] ACPI: bus type PCI registered
[    0.153659] acpiphp: ACPI Hot Plug PCI Controller Driver version: 0.5
[    0.154514] PCI: Using configuration type 1 for base access
[    0.156025] HugeTLB registered 2.00 MiB page size, pre-allocated 0 pages
[    0.156842] ACPI: Added _OSI(Module Device)
[    0.156842] ACPI: Added _OSI(Processor Device)
[    0.157281] ACPI: Added _OSI(3.0 _SCP Extensions)
[    0.157907] ACPI: Added _OSI(Processor Aggregator Device)
[    0.158649] ACPI: Added _OSI(Linux-Dell-Video)
[    0.160006] ACPI: Added _OSI(Linux-Lenovo-NV-HDMI-Audio)
[    0.160698] ACPI: Added _OSI(Linux-HPI-Hybrid-Graphics)
[    0.161577] ACPI: Executed 1 blocks of module-level executable AML code
[    0.165026] ACPI: Interpreter enabled
[    0.165512] ACPI: (supports S0 S5)
[    0.165969] ACPI: Using IOAPIC for interrupt routing
[    0.166742] PCI: Using host bridge windows from ACPI; if necessary, use "pci=nocrs" and report a bug
[    0.168000] ACPI: Enabled 2 GPEs in block 00 to 07
[    0.172814] ACPI: PCI Root Bridge [PCI0] (domain 0000 [bus 00-ff])
[    0.173576] acpi PNP0A03:00: _OSC: OS supports [ASPM ClockPM Segments MSI]
[    0.174781] acpi PNP0A03:00: _OSC: not requesting OS control; OS requires [ExtendedConfig ASPM ClockPM MSI]
[    0.176008] acpi PNP0A03:00: fail to add MMCONFIG information, can't access extended PCI configuration space under this bridge.
[    0.177680] PCI host bridge to bus 0000:00
[    0.178226] pci_bus 0000:00: root bus resource [io  0x0000-0x0cf7 window]
[    0.179056] pci_bus 0000:00: root bus resource [io  0x0d00-0xffff window]
[    0.180002] pci_bus 0000:00: root bus resource [mem 0x000a0000-0x000bffff window]
[    0.180996] pci_bus 0000:00: root bus resource [mem 0x40000000-0xfdffffff window]
[    0.182438] pci_bus 0000:00: root bus resource [bus 00-ff]
[    0.184726] pci 0000:00:01.1: legacy IDE quirk: reg 0x10: [io  0x01f0-0x01f7]
[    0.185646] pci 0000:00:01.1: legacy IDE quirk: reg 0x14: [io  0x03f6]
[    0.186473] pci 0000:00:01.1: legacy IDE quirk: reg 0x18: [io  0x0170-0x0177]
[    0.187420] pci 0000:00:01.1: legacy IDE quirk: reg 0x1c: [io  0x0376]
[    0.197508] pci 0000:00:07.0: quirk: [io  0x4000-0x403f] claimed by PIIX4 ACPI
[    0.198492] pci 0000:00:07.0: quirk: [io  0x4100-0x410f] claimed by PIIX4 SMB
[    0.203089] ACPI: PCI Interrupt Link [LNKA] (IRQs 5 9 10 *11)
[    0.204059] ACPI: PCI Interrupt Link [LNKB] (IRQs 5 9 *10 11)
[    0.204871] ACPI: PCI Interrupt Link [LNKC] (IRQs 5 *9 10 11)
[    0.205667] ACPI: PCI Interrupt Link [LNKD] (IRQs 5 9 10 *11)
[    0.206676] SCSI subsystem initialized
[    0.207201] pci 0000:00:02.0: vgaarb: setting as boot VGA device
[    0.207201] pci 0000:00:02.0: vgaarb: VGA device added: decodes=io+mem,owns=io+mem,locks=none
[    0.208008] pci 0000:00:02.0: vgaarb: bridge control possible
[    0.208775] vgaarb: loaded
[    0.209159] ACPI: bus type USB registered
[    0.209698] usbcore: registered new interface driver usbfs
[    0.212014] usbcore: registered new interface driver hub
[    0.212681] usbcore: registered new device driver usb
[    0.213357] EDAC MC: Ver: 3.0.0
[    0.213357] PCI: Using ACPI for IRQ routing
[    0.213357] NetLabel: Initializing
[    0.213357] NetLabel:  domain hash size = 128
[    0.216005] NetLabel:  protocols = UNLABELED CIPSOv4 CALIPSO
[    0.216745] NetLabel:  unlabeled traffic allowed by default
[    0.217514] clocksource: Switched to clocksource kvm-clock
[    0.228627] VFS: Disk quotas dquot_6.6.0
[    0.229182] VFS: Dquot-cache hash table entries: 512 (order 0, 4096 bytes)
[    0.230138] AppArmor: AppArmor Filesystem Enabled
[    0.230772] pnp: PnP ACPI init
[    0.232113] pnp: PnP ACPI: found 3 devices
[    0.239996] clocksource: acpi_pm: mask: 0xffffff max_cycles: 0xffffff, max_idle_ns: 2085701024 ns
[    0.241213] NET: Registered protocol family 2
[    0.241817] IP idents hash table entries: 16384 (order: 5, 131072 bytes)
[    0.242826] TCP established hash table entries: 8192 (order: 4, 65536 bytes)
[    0.243713] TCP bind hash table entries: 8192 (order: 5, 131072 bytes)
[    0.244576] TCP: Hash tables configured (established 8192 bind 8192)
[    0.245402] UDP hash table entries: 512 (order: 2, 16384 bytes)
[    0.246156] UDP-Lite hash table entries: 512 (order: 2, 16384 bytes)
[    0.246988] NET: Registered protocol family 1
[    0.247571] pci 0000:00:00.0: Limiting direct PCI/PCI transfers
[    0.248374] pci 0000:00:01.0: Activating ISA DMA hang workarounds
[    0.249206] pci 0000:00:02.0: Video device with shadowed ROM at [mem 0x000c0000-0x000dffff]
[    0.250320] Unpacking initramfs...
[    0.520458] Freeing initrd memory: 19528K
[    0.521625] clocksource: tsc: mask: 0xffffffffffffffff max_cycles: 0x23fa772cf26, max_idle_ns: 440795269835 ns
[    0.522914] platform rtc_cmos: registered platform RTC device (no PNP device found)
[    0.524000] Scanning for low memory corruption every 60 seconds
[    0.525303] Initialise system trusted keyrings
[    0.525883] Key type blacklist registered
[    0.526457] workingset: timestamp_bits=36 max_order=18 bucket_order=0
[    0.527905] zbud: loaded
[    0.528642] squashfs: version 4.0 (2009/01/31) Phillip Lougher
[    0.529501] fuse init (API version 7.26)
[    0.531252] Key type asymmetric registered
[    0.531811] Asymmetric key parser 'x509' registered
[    0.532510] Block layer SCSI generic (bsg) driver version 0.4 loaded (major 246)
[    0.533502] io scheduler noop registered
[    0.534022] io scheduler deadline registered
[    0.534608] io scheduler cfq registered (default)
[    0.535419] ACPI: AC Adapter [AC] (on-line)
[    0.536008] input: Power Button as /devices/LNXSYSTM:00/LNXPWRBN:00/input/input0
[    0.537008] ACPI: Power Button [PWRF]
[    0.537556] input: Sleep Button as /devices/LNXSYSTM:00/LNXSLPBN:00/input/input1
[    0.538523] ACPI: Sleep Button [SLPF]
[    0.539695] ACPI: Battery Slot [BAT0] (battery present)
[    0.540109] Serial: 8250/16550 driver, 32 ports, IRQ sharing enabled
[    0.562007] 00:02: ttyS0 at I/O 0x3f8 (irq = 4, base_baud = 115200) is a 16550A
[    0.563992] Linux agpgart interface v0.103
[    0.567880] loop: module loaded
[    0.568746] scsi host0: ata_piix
[    0.569281] scsi host1: ata_piix
[    0.569739] ata1: PATA max UDMA/33 cmd 0x1f0 ctl 0x3f6 bmdma 0xd000 irq 14
[    0.570599] ata2: PATA max UDMA/33 cmd 0x170 ctl 0x376 bmdma 0xd008 irq 15
[    0.571516] tun: Universal TUN/TAP device driver, 1.6
[    0.572216] PPP generic driver version 2.4.2
[    0.572798] ehci_hcd: USB 2.0 'Enhanced' Host Controller (EHCI) Driver
[    0.573624] ehci-pci: EHCI PCI platform driver
[    0.574204] ehci-platform: EHCI generic platform driver
[    0.574882] ohci_hcd: USB 1.1 'Open' Host Controller (OHCI) Driver
[    0.575653] ohci-pci: OHCI PCI platform driver
[    0.576276] ohci-platform: OHCI generic platform driver
[    0.576950] uhci_hcd: USB Universal Host Controller Interface driver
[    0.577779] i8042: PNP: PS/2 Controller [PNP0303:PS2K,PNP0f03:PS2M] at 0x60,0x64 irq 1,12
[    0.579217] serio: i8042 KBD port at 0x60,0x64 irq 1
[    0.579866] serio: i8042 AUX port at 0x60,0x64 irq 12
[    0.580597] mousedev: PS/2 mouse device common for all mice
[    0.581511] input: AT Translated Set 2 keyboard as /devices/platform/i8042/serio0/input/input2
[    0.582914] rtc_cmos rtc_cmos: rtc core: registered rtc_cmos as rtc0
[    0.583769] rtc_cmos rtc_cmos: alarms up to one day, 114 bytes nvram
[    0.584611] i2c /dev entries driver
[    0.585099] device-mapper: uevent: version 1.0.3
[    0.585720] device-mapper: ioctl: 4.37.0-ioctl (2017-09-20) initialised: dm-devel@redhat.com
[    0.586868] ledtrig-cpu: registered to indicate activity on CPUs
[    0.588094] NET: Registered protocol family 10
[    0.591539] Segment Routing with IPv6
[    0.592041] NET: Registered protocol family 17
[    0.592750] Key type dns_resolver registered
[    0.597008] mce: Using 0 MCE banks
[    0.597505] RAS: Correctable Errors collector initialized.
[    0.598466] sched_clock: Marking stable (596953929, 0)->(731911553, -134957624)
[    0.599725] registered taskstats version 1
[    0.600294] Loading compiled-in X.509 certificates
[    0.602838] Loaded X.509 cert 'Build time autogenerated kernel key: f114f3958ed3c37ba1924ca66ae8368f3c35b0e4'
[    0.604507] Loaded X.509 cert 'Canonical Ltd. Live Patch Signing: 14df34d1a87cf37625abec039ef2bf521249b969'
[    0.606095] Loaded X.509 cert 'Canonical Ltd. Kernel Module Signing: 88f752e560a1e0737e31163a466ad7b70a850c19'
[    0.607352] blacklist: Loading compiled-in revocation X.509 certificates
[    0.608218] Loaded X.509 cert 'Canonical Ltd. Secure Boot Signing: 61482aa2830d0ab2ad5af10b7250da9033ddcef0'
[    0.609429] zswap: loaded using pool lzo/zbud
[    0.611923] Key type big_key registered
[    0.612443] Key type trusted registered
[    0.613866] Key type encrypted registered
[    0.614431] AppArmor: AppArmor sha1 policy hashing enabled
[    0.615146] ima: No TPM chip found, activating TPM-bypass! (rc=-19)
[    0.615906] ima: Allocated hash algorithm: sha1
[    0.616560] evm: HMAC attrs: 0x1
[    0.617139]   Magic number: 7:461:770
[    0.617684] rtc_cmos rtc_cmos: setting system clock to 2023-01-23 05:47:42 UTC (1674452862)
[    0.618820] BIOS EDD facility v0.16 2004-Jun-25, 0 devices found
[    0.619597] EDD information not available.
[    1.164268] Freeing unused kernel image memory: 2472K
[    1.176355] Write protecting the kernel read-only data: 20480k
[    1.177697] Freeing unused kernel image memory: 2008K
[    1.178581] Freeing unused kernel image memory: 1824K
[    1.185258] x86/mm: Checked W+X mappings: passed, no W+X pages found.
Loading, please wait...
starting version 237
[    1.225515] e1000: Intel(R) PRO/1000 Network Driver - version 7.3.21-k8-NAPI
[    1.226430] e1000: Copyright (c) 1999-2006 Intel Corporation.
[    1.235281] Fusion MPT base driver 3.04.20
[    1.235834] Copyright (c) 1999-2008 LSI Corporation
[    1.242754] Fusion MPT SPI Host driver 3.04.20
[    1.243482] AVX2 version of gcm_enc/dec engaged.
[    1.244103] AES CTR mode by8 optimization enabled
[    1.435900] input: ImExPS/2 Generic Explorer Mouse as /devices/platform/i8042/serio1/input/input4
[    1.601619] e1000 0000:00:03.0 eth0: (PCI:33MHz:32-bit) 02:b0:55:75:d1:60
[    1.603824] e1000 0000:00:03.0 eth0: Intel(R) PRO/1000 Network Connection
[    1.606425] e1000 0000:00:03.0 enp0s3: renamed from eth0
[    1.606497] mptbase: ioc0: Initiating bringup
[    2.524730] ioc0: LSI53C1030 A0: Capabilities={Initiator}
[    5.001665] scsi host2: ioc0: LSI53C1030 A0, FwRev=00000000h, Ports=1, MaxQ=256, IRQ=20
[    6.232423] scsi 2:0:0:0: Direct-Access     VBOX     HARDDISK         1.0  PQ: 0 ANSI: 5
[    6.534437] scsi target2:0:0: Beginning Domain Validation
[    6.535990] scsi target2:0:0: Domain Validation skipping write tests
[    6.536863] scsi target2:0:0: Ending Domain Validation
[    6.537572] scsi target2:0:0: asynchronous
[    6.538385] scsi 2:0:1:0: Direct-Access     VBOX     HARDDISK         1.0  PQ: 0 ANSI: 5
[    7.252606] scsi target2:0:1: Beginning Domain Validation
[    7.254002] scsi target2:0:1: Domain Validation skipping write tests
[    7.254803] scsi target2:0:1: Ending Domain Validation
[    7.255518] scsi target2:0:1: asynchronous
[    7.258848] sd 2:0:0:0: Attached scsi generic sg0 type 0
[    7.259734] sd 2:0:0:0: [sda] 83886080 512-byte logical blocks: (42.9 GB/40.0 GiB)
[    7.259917] sd 2:0:1:0: [sdb] 20480 512-byte logical blocks: (10.5 MB/10.0 MiB)
[    7.262173] sd 2:0:0:0: [sda] Write Protect is off
[    7.262212] sd 2:0:1:0: [sdb] Write Protect is off
[    7.264180] sd 2:0:1:0: [sdb] Incomplete mode parameter data
[    7.264207] sd 2:0:1:0: Attached scsi generic sg1 type 0
[    7.265015] sd 2:0:1:0: [sdb] Assuming drive cache: write through
[    7.265758] sd 2:0:0:0: [sda] Incomplete mode parameter data
[    7.267467] sd 2:0:0:0: [sda] Assuming drive cache: write through
[    7.267980] sd 2:0:1:0: [sdb] Attached SCSI disk
[    7.269877]  sda: sda1
[    7.270862] sd 2:0:0:0: [sda] Attached SCSI disk
Begin: Loading essential drivers ... [    8.873882] raid6: sse2x1   gen() 14899 MB/s
[    8.921870] raid6: sse2x1   xor()  8823 MB/s
[    8.969877] raid6: sse2x2   gen() 18148 MB/s
[    9.017885] raid6: sse2x2   xor() 11811 MB/s
[    9.065897] raid6: sse2x4   gen() 19830 MB/s
[    9.113927] raid6: sse2x4   xor() 11460 MB/s
[    9.161944] raid6: avx2x1   gen() 30239 MB/s
[    9.208475] raid6: avx2x1   xor() 16585 MB/s
[    9.258505] raid6: avx2x2   gen() 35611 MB/s
[    9.306460] raid6: avx2x2   xor() 23250 MB/s
[    9.354488] raid6: avx2x4   gen() 39541 MB/s
[    9.402556] raid6: avx2x4   xor() 21087 MB/s
[    9.403692] raid6: using algorithm avx2x4 gen() 39541 MB/s
[    9.404470] raid6: .... xor() 21087 MB/s, rmw enabled
[    9.405147] raid6: using avx2x2 recovery algorithm
[    9.406548] xor: automatically using best checksumming function   avx       
[    9.408223] async_tx: api initialized (async)
done.
Begin: Running /scripts/init-premount ... done.
Begin: Mounting root file system ... Begin: Running /scripts/local-top ... done.
Begin: Running /scripts/local-premount ... [    9.442046] Btrfs loaded, crc32c=crc32c-intel
Scanning for Btrfs filesystems
done.
Warning: fsck not present, so skipping root file system
[    9.465647] EXT4-fs (sda1): mounted filesystem with ordered data mode. Opts: (null)
done.
Begin: Running /scripts/local-bottom ... done.
Begin: Running /scripts/init-bottom ... done.
[    9.612381] ip_tables: (C) 2000-2006 Netfilter Core Team
[    9.618338] systemd[1]: systemd 237 running in system mode. (+PAM +AUDIT +SELINUX +IMA +APPARMOR +SMACK +SYSVINIT +UTMP +LIBCRYPTSETUP +GCRYPT +GNUTLS +ACL +XZ +LZ4 +SECCOMP +BLKID +ELFUTILS +KMOD -IDN2 +IDN -PCRE2 default-hierarchy=hybrid)
[    9.621016] systemd[1]: Detected virtualization oracle.
[    9.621688] systemd[1]: Detected architecture x86-64.

Welcome to [1mUbuntu 18.04.6 LTS[0m!

[    9.625371] systemd[1]: Set hostname to <ubuntu>.
[    9.627383] systemd[1]: Initializing machine ID from random generator.
[    9.628211] systemd[1]: Installed transient /etc/machine-id file.
[    9.809358] systemd[1]: Set up automount Arbitrary Executable File Formats File System Automount Point.
[[0;32m  OK  [0m] Set up automount Arbitrary Executabâ€¦rmats File System Automount Point.
[    9.811296] systemd[1]: Reached target Swap.
[[0;32m  OK  [0m] Reached target Swap.
[    9.812259] systemd[1]: Started Forward Password Requests to Wall Directory Watch.
[[0;32m  OK  [0m] Started Forward Password Requests to Wall Directory Watch.
[    9.814783] systemd[1]: Created slice System Slice.
[[0;32m  OK  [0m] Created slice System Slice.
[[0;32m  OK  [0m] Listening on /dev/initctl Compatibility Named Pipe.
[[0;32m  OK  [0m] Listening on Journal Socket (/dev/log).
[[0;32m  OK  [0m] Listening on Syslog Socket.
[[0;32m  OK  [0m] Listening on Network Service Netlink Socket.
[[0;32m  OK  [0m] Listening on Journal Socket.
         Mounting Huge Pages File System...
         Mounting POSIX Message Queue File System...
         Starting Load Kernel Modules...
         Starting Create list of required stâ€¦ce nodes for the current kernel...
         Starting Uncomplicated firewall...
[[0;32m  OK  [0m] Listening on LVM2 metadata daemon socket.
         Mounting Kernel Debug File System...
[[0;32m  OK  [0m] Listening on LVM2 poll daemon socket.
[[0;32m  OK  [0m] Listening on Device-mapper event daemon FIFOs.
[[0;32m  OK  [0m] Created slice system-serial\x2dgetty.slice.
[[0;32m  OK  [0m] Listening on udev Control Socket.
[[0;32m  OK  [0m] Listening on fsck to fsckd communication Socket.
         Starting File System Check on Root Device...
[[0;32m  OK  [0m] Listening on udev Kernel Socket.
         Starting udev Coldplug all Devices...
[[0;32m  OK  [0m] Listening on Journal Audit Socket.
         Starting Journal Service...
[[0;32m  OK  [0m] Created slice User and Session Slice.
[[0;32m  OK  [0m] Reached target Slices.
[[0;32m  OK  [0m] Reached target System Time Synchronized.
[[0;32m  OK  [0m] Reached target User and Group Name Lookups.
         Starting Monitoring of LVM2 mirrorsâ€¦ng dmeventd or progress polling...
         Starting Set the console keyboard layout...
[[0;32m  OK  [0m] Mounted Huge Pages File System.
[[0;32m  OK  [0m] Mounted POSIX Message Queue File System.
[[0;32m  OK  [0m] Mounted Kernel Debug File System.
[    9.847362] Loading iSCSI transport class v2.0-870.
[    9.851503] iscsi: registered transport (tcp)
[    9.863353] iscsi: registered transport (iser)
[[0;32m  OK  [0m] Started Load Kernel Modules.
         Mounting FUSE Control File System...
         Mounting Kernel Configuration File System...
         Starting Apply Kernel Variables...
[[0;32m  OK  [0m] Started Create list of required staâ€¦vice nodes for the current kernel.
[[0;32m  OK  [0m] Mounted FUSE Control File System.
[[0;32m  OK  [0m] Mounted Kernel Configuration File System.
         Starting Create Static Device Nodes in /dev...
[[0;32m  OK  [0m] Started Uncomplicated firewall.
[[0;32m  OK  [0m] Started File System Check Daemon to report status.
[[0;32m  OK  [0m] Started LVM2 metadata daemon.
[[0;32m  OK  [0m] Started udev Coldplug all Devices.
[[0;32m  OK  [0m] Started Journal Service.
[[0;32m  OK  [0m] Started Create Static Device Nodes in /dev.
[[0;32m  OK  [0m] Started Apply Kernel Variables.
[[0;32m  OK  [0m] Started File System Check on Root Device.
         Starting Remount Root and Kernel File Systems...
[[0;32m  OK  [0m] Started Monitoring of LVM2 mirrors,â€¦sing dmeventd or progress polling.
[[0;32m  OK  [0m] Started Remount Root and Kernel File Systems.
         Starting Load/Save Random Seed...
         Starting udev Kernel Device Manager...
         Starting Flush Journal to Persistent Storage...
[[0;32m  OK  [0m] Started Load/Save Random Seed.
[[0;32m  OK  [0m] Started udev Kernel Device Manager.
[[0;32m  OK  [0m] Started Flush Journal to Persistent Storage.
[[0;32m  OK  [0m] Found device /dev/ttyS0.
[[0;32m  OK  [0m] Listening on Load/Save RF Kill Switch Status /dev/rfkill Watch.
         Mounting Arbitrary Executable File Formats File System...
[[0;32m  OK  [0m] Mounted Arbitrary Executable File Formats File System.
[[0;32m  OK  [0m] Started Set the console keyboard layout.
[[0;32m  OK  [0m] Started Dispatch Password Requests to Console Directory Watch.
[[0;32m  OK  [0m] Reached target Local Encrypted Volumes.
[[0;32m  OK  [0m] Reached target Local File Systems (Pre).
[[0;32m  OK  [0m] Reached target Local File Systems.
         Starting Set console font and keymap...
         Starting Create Volatile Files and Directories...
         Starting Commit a transient machine-id on disk...
         Starting Tell Plymouth To Write Out Runtime Data...
         Starting ebtables ruleset management...
         Starting AppArmor initialization...
[[0;32m  OK  [0m] Started Tell Plymouth To Write Out Runtime Data.
[[0;32m  OK  [0m] Started Commit a transient machine-id on disk.
[[0;32m  OK  [0m] Started Create Volatile Files and Directories.
         Starting Update UTMP about System Boot/Shutdown...
[[0;32m  OK  [0m] Started Update UTMP about System Boot/Shutdown.
[[0;32m  OK  [0m] Started ebtables ruleset management.
[[0;32m  OK  [0m] Started AppArmor initialization.
         Starting Initial cloud-init job (pre-networking)...
         Starting Load AppArmor profiles managed internally by snapd...
[[0;32m  OK  [0m] Started Load AppArmor profiles managed internally by snapd.
[[0;32m  OK  [0m] Started Set console font and keymap.
[   12.428979] cloud-init[842]: Cloud-init v. 22.4.2-0ubuntu0~18.04.1 running 'init-local' at Mon, 23 Jan 2023 05:47:54 +0000. Up 12.19 seconds.
[[0;32m  OK  [0m] Started Initial cloud-init job (pre-networking).
[[0;32m  OK  [0m] Reached target Network (Pre).
         Starting Network Service...
[[0;32m  OK  [0m] Started Network Service.
         Starting Network Name Resolution...
         Starting Wait for Network to be Configured...
[[0;32m  OK  [0m] Started Network Name Resolution.
[[0;32m  OK  [0m] Reached target Network.
[[0;32m  OK  [0m] Reached target Host and Network Name Lookups.
[[0;32m  OK  [0m] Started Wait for Network to be Configured.
         Starting Initial cloud-init job (metadata service crawler)...
[   14.068718] cloud-init[1014]: Cloud-init v. 22.4.2-0ubuntu0~18.04.1 running 'init' at Mon, 23 Jan 2023 05:47:55 +0000. Up 13.95 seconds.
[   14.081417] cloud-init[1014]: ci-info: ++++++++++++++++++++++++++++++++++++++Net device info++++++++++++++++++++++++++++++++++++++
[   14.082623] cloud-init[1014]: ci-info: +--------+------+----------------------------+---------------+--------+-------------------+
[   14.083761] cloud-init[1014]: ci-info: | Device |  Up  |          Address           |      Mask     | Scope  |     Hw-Address    |
[   14.085039] cloud-init[1014]: ci-info: +--------+------+----------------------------+---------------+--------+-------------------+
[   14.086289] cloud-init[1014]: ci-info: | enp0s3 | True |         10.0.2.15          | 255.255.255.0 | global | 02:b0:55:75:d1:60 |
[   14.087340] cloud-init[1014]: ci-info: | enp0s3 | True | fe80::b0:55ff:fe75:d160/64 |       .       |  link  | 02:b0:55:75:d1:60 |
[   14.088459] cloud-init[1014]: ci-info: |   lo   | True |         127.0.0.1          |   255.0.0.0   |  host  |         .         |
[   14.089506] cloud-init[1014]: ci-info: |   lo   | True |          ::1/128           |       .       |  host  |         .         |
[   14.090509] cloud-init[1014]: ci-info: +--------+------+----------------------------+---------------+--------+-------------------+
[   14.091646] cloud-init[1014]: ci-info: ++++++++++++++++++++++++++++Route IPv4 info+++++++++++++++++++++++++++++
[   14.104516] cloud-init[1014]: ci-info: +-------+-------------+----------+-----------------+-----------+-------+
[   14.105373] cloud-init[1014]: ci-info: | Route | Destination | Gateway  |     Genmask     | Interface | Flags |
[   14.106232] cloud-init[1014]: ci-info: +-------+-------------+----------+-----------------+-----------+-------+
[   14.107138] cloud-init[1014]: ci-info: |   0   |   0.0.0.0   | 10.0.2.2 |     0.0.0.0     |   enp0s3  |   UG  |
[   14.108066] cloud-init[1014]: ci-info: |   1   |   10.0.2.0  | 0.0.0.0  |  255.255.255.0  |   enp0s3  |   U   |
[   14.108942] cloud-init[1014]: ci-info: |   2   |   10.0.2.2  | 0.0.0.0  | 255.255.255.255 |   enp0s3  |   UH  |
[   14.109862] cloud-init[1014]: ci-info: +-------+-------------+----------+-----------------+-----------+-------+
[   14.110925] cloud-init[1014]: ci-info: +++++++++++++++++++Route IPv6 info+++++++++++++++++++
[   14.111809] cloud-init[1014]: ci-info: +-------+-------------+---------+-----------+-------+
[   14.112688] cloud-init[1014]: ci-info: | Route | Destination | Gateway | Interface | Flags |
[   14.113589] cloud-init[1014]: ci-info: +-------+-------------+---------+-----------+-------+
[   14.114369] cloud-init[1014]: ci-info: |   1   |  fe80::/64  |    ::   |   enp0s3  |   U   |
[   14.115126] cloud-init[1014]: ci-info: |   3   |    local    |    ::   |   enp0s3  |   U   |
[   14.115880] cloud-init[1014]: ci-info: |   4   |   ff00::/8  |    ::   |   enp0s3  |   U   |
[   14.116778] cloud-init[1014]: ci-info: +-------+-------------+---------+-----------+-------+
[   14.776352] cloud-init[1014]: Generating public/private rsa key pair.
[   14.777119] cloud-init[1014]: Your identification has been saved in /etc/ssh/ssh_host_rsa_key.
[   14.778003] cloud-init[1014]: Your public key has been saved in /etc/ssh/ssh_host_rsa_key.pub.
[   14.778863] cloud-init[1014]: The key fingerprint is:
[   14.779440] cloud-init[1014]: SHA256:OQM0verkah7YFFNFJb5yZFE90CzWAM43f/OhOREwOYQ root@ubuntu-bionic
[   14.780369] cloud-init[1014]: The key's randomart image is:
[   14.780895] cloud-init[1014]: +---[RSA 2048]----+
[   14.781328] cloud-init[1014]: |      ++*+B@.    |
[   14.781782] cloud-init[1014]: |     o =.EooO    |
[   14.782209] cloud-init[1014]: |    o . *oo..o   |
[   14.782641] cloud-init[1014]: |     o +.+ o  .  |
[   14.783109] cloud-init[1014]: |    . ..S   ..o. |
[   14.783584] cloud-init[1014]: |   +  oo o   .+o.|
[   14.784127] cloud-init[1014]: |  . o+       +  .|
[   14.784550] cloud-init[1014]: |    ..o       .  |
[   14.784973] cloud-init[1014]: |   oo.           |
[   14.785404] cloud-init[1014]: +----[SHA256]-----+
[   14.785829] cloud-init[1014]: Generating public/private dsa key pair.
[   14.786406] cloud-init[1014]: Your identification has been saved in /etc/ssh/ssh_host_dsa_key.
[   14.787113] cloud-init[1014]: Your public key has been saved in /etc/ssh/ssh_host_dsa_key.pub.
[   14.787884] cloud-init[1014]: The key fingerprint is:
[   14.788376] cloud-init[1014]: SHA256:oN/Cq29MGuiilHIBTZMP6Gbv2zKD9cgDo9aQPUT13iM root@ubuntu-bionic
[   14.789166] cloud-init[1014]: The key's randomart image is:
[   14.789664] cloud-init[1014]: +---[DSA 1024]----+
[   14.790146] cloud-init[1014]: | .o...           |
[   14.790581] cloud-init[1014]: |.ooo  .          |
[   14.791022] cloud-init[1014]: |o oo  ..         |
[   14.791449] cloud-init[1014]: | = ......        |
[   14.791889] cloud-init[1014]: |o *..  ESo       |
[   14.792319] cloud-init[1014]: | =o*.o... .      |
[   14.792780] cloud-init[1014]: |o+@ +=+ .        |
[   14.793209] cloud-init[1014]: |=+.Xo.oo         |
[   14.793642] cloud-init[1014]: |+. .B=o          |
[   14.794072] cloud-init[1014]: +----[SHA256]-----+
[   14.794496] cloud-init[1014]: Generating public/private ecdsa key pair.
[   14.795092] cloud-init[1014]: Your identification has been saved in /etc/ssh/ssh_host_ecdsa_key.
[   14.795881] cloud-init[1014]: Your public key has been saved in /etc/ssh/ssh_host_ecdsa_key.pub.
[   14.796668] cloud-init[1014]: The key fingerprint is:
[   14.797125] cloud-init[1014]: SHA256:/Gi+H9R9lkO3Y+m/GrTgv+Gjp3+94CDsVg1X7RfXWj8 root@ubuntu-bionic
[   14.797954] cloud-init[1014]: The key's randomart image is:
[   14.798532] cloud-init[1014]: +---[ECDSA 256]---+
[   14.798975] cloud-init[1014]: |                o|
[   14.799407] cloud-init[1014]: |               o=|
[   14.799841] cloud-init[1014]: |              .==|
[   14.800284] cloud-init[1014]: |       .   o ooEO|
[   14.800701] cloud-init[1014]: |        S ..=..B=|
[   14.801139] cloud-init[1014]: |        .+..o.+oo|
[   14.801578] cloud-init[1014]: |        oo+o = ..|
[   14.802011] cloud-init[1014]: |       o....=o+.o|
[   14.802451] cloud-init[1014]: |        ++.o=B=o+|
[   14.802883] cloud-init[1014]: +----[SHA256]-----+
[   14.803320] cloud-init[1014]: Generating public/private ed25519 key pair.
[   14.803926] cloud-init[1014]: Your identification has been saved in /etc/ssh/ssh_host_ed25519_key.
[   14.804727] cloud-init[1014]: Your public key has been saved in /etc/ssh/ssh_host_ed25519_key.pub.
[   14.805512] cloud-init[1014]: The key fingerprint is:
[   14.805971] cloud-init[1014]: SHA256:0lEnRxL587Hyh6uz3nLOJzYiBoHkEVgZ2P/jot1GbyQ root@ubuntu-bionic
[   14.806756] cloud-init[1014]: The key's randomart image is:
[   14.807250] cloud-init[1014]: +--[ED25519 256]--+
[   14.807676] cloud-init[1014]: |     =++  =++    |
[   14.808114] cloud-init[1014]: |    o =  ..=     |
[   14.808547] cloud-init[1014]: |     o +.  .     |
[   14.808975] cloud-init[1014]: |      o.o.  o .  |
[   14.809415] cloud-init[1014]: |      . So   o o |
[   14.809843] cloud-init[1014]: |       .. E o o  |
[   14.810283] cloud-init[1014]: |         + = o . |
[   14.820793] cloud-init[1014]: |       ...= *oB o|
[   14.821296] cloud-init[1014]: |      ...+.++X=* |
[   14.821866] cloud-init[1014]: +----[SHA256]-----+
[[0;32m  OK  [0m] Started Initial cloud-init job (metadata service crawler).
[[0;32m  OK  [0m] Reached target Network is Online.
[[0;32m  OK  [0m] Reached target Remote File Systems (Pre).
[[0;32m  OK  [0m] Reached target Remote File Systems.
         Starting Availability of block devices...
[[0;32m  OK  [0m] Reached target System Initialization.
[[0;32m  OK  [0m] Listening on Open-iSCSI iscsid Socket.
[[0;32m  OK  [0m] Started ACPI Events Check.
[[0;32m  OK  [0m] Listening on cloud-init hotplug hook socket.
[[0;32m  OK  [0m] Started Daily Cleanup of Temporary Directories.
[[0;32m  OK  [0m] Started Ubuntu Advantage Timer for running repeated jobs.
[[0;32m  OK  [0m] Listening on ACPID Listen Socket.
[[0;32m  OK  [0m] Started Message of the Day.
         Starting LXD - unix socket.
[[0;32m  OK  [0m] Listening on D-Bus System Message Bus Socket.
[[0;32m  OK  [0m] Listening on UUID daemon activation socket.
[[0;32m  OK  [0m] Reached target Paths.
[[0;32m  OK  [0m] Started Discard unused blocks once a week.
[[0;32m  OK  [0m] Started Daily apt download activities.
[[0;32m  OK  [0m] Started Daily apt upgrade and clean activities.
[[0;32m  OK  [0m] Reached target Timers.
         Starting Socket activation for snappy daemon.
[[0;32m  OK  [0m] Reached target Cloud-config availability.
[[0;32m  OK  [0m] Listening on LXD - unix socket.
[[0;32m  OK  [0m] Started Availability of block devices.
[[0;32m  OK  [0m] Listening on Socket activation for snappy daemon.
[[0;32m  OK  [0m] Reached target Sockets.
[[0;32m  OK  [0m] Reached target Basic System.
[[0;32m  OK  [0m] Started Deferred execution scheduler.
         Starting Pollinate to seed the pseudo random number generator...
         Starting Permit User Sessions...
         Starting Virtualbox guest utils...
         Starting System Logging Service...
         Starting LSB: automatic crash report generation...
[[0;32m  OK  [0m] Reached target Login Prompts (Pre).
         Starting LSB: Record successful boot for GRUB...
[[0;32m  OK  [0m] Started Regular background program processing daemon.
         Starting Accounts Service...
         Starting Login Service...
         Starting Snap Daemon...
[[0;32m  OK  [0m] Started FUSE filesystem for LXC.
[[0;32m  OK  [0m] Started D-Bus System Message Bus.
[[0;32m  OK  [0m] Started Login Service.
[[0;32m  OK  [0m] Started Unattended Upgrades Shutdown.
[[0;32m  OK  [0m] Started irqbalance daemon.
         Starting Dispatcher daemon for systemd-networkd...
         Starting LXD - container startup/shutdown...
[[0;32m  OK  [0m] Started System Logging Service.
[[0;32m  OK  [0m] Started Permit User Sessions.
         Starting Authorization Manager...
         Starting Terminate Plymouth Boot Screen...
         Starting Hold until boot process finishes up...
[[0;32m  OK  [0m] Started Hold until boot process finishes up.
[[0;32m  OK  [0m] Started Serial Getty on ttyS0.
         Starting Set console scheme...
[[0;32m  OK  [0m] Started LSB: automatic crash report generation.
[[0;32m  OK  [0m] Started Terminate Plymouth Boot Screen.
[[0;32m  OK  [0m] Started Set console scheme.
[[0;32m  OK  [0m] Created slice system-getty.slice.
[[0;32m  OK  [0m] Started Getty on tty1.
[[0;32m  OK  [0m] Reached target Login Prompts.
[[0;32m  OK  [0m] Started LSB: Record successful boot for GRUB.
[[0;32m  OK  [0m] Started Authorization Manager.
[[0;32m  OK  [0m] Started Accounts Service.
[[0;32m  OK  [0m] Started Virtualbox guest utils.
[[0;32m  OK  [0m] Started LXD - container startup/shutdown.
[[0;32m  OK  [0m] Started Dispatcher daemon for systemd-networkd.
[[0;32m  OK  [0m] Started Snap Daemon.
         Starting Wait until snapd is fully seeded...
         Starting Time & Date Service...
[[0;32m  OK  [0m] Started Time & Date Service.
[[0;32m  OK  [0m] Started Pollinate to seed the pseudo random number generator.
         Starting OpenBSD Secure Shell server...
[[0;32m  OK  [0m] Started OpenBSD Secure Shell server.
[[0;32m  OK  [0m] Created slice User Slice of vagrant.
         Starting User Manager for UID 1000...
[[0;32m  OK  [0m] Started Session 1 of user vagrant.
[[0;32m  OK  [0m] Started User Manager for UID 1000.
[[0;32m  OK  [0m] Started Wait until snapd is fully seeded.
         Starting Apply the settings specified in cloud-config...
[   19.128684] cloud-init[1778]: Cloud-init v. 22.4.2-0ubuntu0~18.04.1 running 'modules:config' at Mon, 23 Jan 2023 05:48:00 +0000. Up 18.84 seconds.
[[0;32m  OK  [0m] Started Apply the settings specified in cloud-config.
[[0;32m  OK  [0m] Reached target Multi-User System.
         Starting Execute cloud user/final scripts...
[[0;32m  OK  [0m] Reached target Graphical Interface.
         Starting Update UTMP about System Runlevel Changes...
[[0;32m  OK  [0m] Started Update UTMP about System Runlevel Changes.
ci-info: no authorized SSH keys fingerprints found for user ubuntu.
<14>Jan 23 05:48:01 cloud-init: #############################################################
<14>Jan 23 05:48:01 cloud-init: -----BEGIN SSH HOST KEY FINGERPRINTS-----
<14>Jan 23 05:48:01 cloud-init: 1024 SHA256:oN/Cq29MGuiilHIBTZMP6Gbv2zKD9cgDo9aQPUT13iM root@ubuntu-bionic (DSA)
<14>Jan 23 05:48:01 cloud-init: 256 SHA256:/Gi+H9R9lkO3Y+m/GrTgv+Gjp3+94CDsVg1X7RfXWj8 root@ubuntu-bionic (ECDSA)
<14>Jan 23 05:48:01 cloud-init: 256 SHA256:0lEnRxL587Hyh6uz3nLOJzYiBoHkEVgZ2P/jot1GbyQ root@ubuntu-bionic (ED25519)
<14>Jan 23 05:48:01 cloud-init: 2048 SHA256:OQM0verkah7YFFNFJb5yZFE90CzWAM43f/OhOREwOYQ root@ubuntu-bionic (RSA)
<14>Jan 23 05:48:01 cloud-init: -----END SSH HOST KEY FINGERPRINTS-----
<14>Jan 23 05:48:01 cloud-init: #############################################################
-----BEGIN SSH HOST KEY KEYS-----
ecdsa-sha2-nistp256 AAAAE2VjZHNhLXNoYTItbmlzdHAyNTYAAAAIbmlzdHAyNTYAAABBBHg5WnP0wW8fFuh3YUewmQDyGDQH4tAYRyqY26/AIN5sooPizcOiGTwYetp3s7gaj2HAd8/dDYzrvEA7wmoVsdk= root@ubuntu-bionic
ssh-ed25519 AAAAC3NzaC1lZDI1NTE5AAAAIJUnQ/7HPaszgJFXMwDlzPXMijJKkEx/RGywCCaX0Udr root@ubuntu-bionic
ssh-rsa AAAAB3NzaC1yc2EAAAADAQABAAABAQCxk6+8HjBisyEFOqB0MYo9S9s7l4FR21Sz085NLuj49ovbrY8xtcuTVNfNjYrJ82IzA6bcvOhB9Hkb7U0mrXGobgOwgw9j9B5u85U+5Zghu0a+2PFc6FMJZoOuApDAXx7m6TjnSpb6DV4rjoDcCJXDsSzAbdJxZhFqhZXWUUUrjbKuX0PZoHhcvEbAKqWP1ARKwRX6EmqHIdFrFCrC+LJiIPuQJbiz5H/cJ3veEVeZ9lw0cYL5PRM+B2j3S8gVm0bF9RAg0dcyCMeJF8X7CMRcV4+inxiQSzYXq0yKq+4nxTICXoCh/Hf4+pT/DcWBADTMEbPKD/mr7k2JZNYbLOMr root@ubuntu-bionic
-----END SSH HOST KEY KEYS-----
[   19.645685] cloud-init[1907]: Cloud-init v. 22.4.2-0ubuntu0~18.04.1 running 'modules:final' at Mon, 23 Jan 2023 05:48:01 +0000. Up 19.51 seconds.
[   19.646809] cloud-init[1907]: Cloud-init v. 22.4.2-0ubuntu0~18.04.1 finished at Mon, 23 Jan 2023 05:48:01 +0000. Datasource DataSourceNoCloud [seed=/dev/sdb][dsmode=net].  Up 19.63 seconds
[[0;32m  OK  [0m] Started Execute cloud user/final scripts.
[[0;32m  OK  [0m] Reached target Cloud-init target.

Ubuntu 18.04.6 LTS ubuntu-bionic ttyS0

ubuntu-bionic login: 